
==================================================
*** STARTING HOSPITAL MULTI-AGENT SIMULATION ***
==================================================


--- Simulation Cycle 1 ---

========================================
!!! EMERGENCY ALERT DETECTED !!!
========================================
Time:     2026-03-10 14:58:05
Patient:  Patient_Charlie
Severity: Low


CoordinatorAgent analyzing emergency and coordinating with doctors...
  - Asking Dr. Mensah...
    X Dr. Mensah rejected the case (busy/unavailable).
  - Asking Dr. Owusu...
    X Dr. Owusu rejected the case (busy/unavailable).
  - Asking Dr. Asante...
    X Dr. Asante rejected the case (busy/unavailable).
WARNING: No doctor available! Escaping to external emergency services.
Database Updated: New record added for Patient_Charlie.

--- Simulation Cycle 2 ---

========================================
!!! EMERGENCY ALERT DETECTED !!!
========================================
Time:     2026-03-10 14:58:07
Patient:  Patient_Echo
Severity: High


CoordinatorAgent analyzing emergency and coordinating with doctors...
  - Asking Dr. Mensah...
    X Dr. Mensah rejected the case (busy/unavailable).
  - Asking Dr. Owusu...
    X Dr. Owusu rejected the case (busy/unavailable).
  - Asking Dr. Asante...
    X Dr. Asante rejected the case (busy/unavailable).
WARNING: No doctor available! Escaping to external emergency services.
Database Updated: New record added for Patient_Echo.

--- Simulation Cycle 3 ---

========================================
!!! EMERGENCY ALERT DETECTED !!!
========================================
Time:     2026-03-10 14:58:09
Patient:  Patient_Echo
Severity: Critical


CoordinatorAgent analyzing emergency and coordinating with doctors...
  - Asking Dr. Mensah...
    X Dr. Mensah rejected the case (busy/unavailable).
  - Asking Dr. Owusu...
    * Dr. Owusu is willing to accept the case.
  - Asking Dr. Asante...
    X Dr. Asante rejected the case (busy/unavailable).
Dr. >> Dr. Owusu has been ASSIGNED to Patient_Echo (Critical). Workload: 1
Notification sent to Dr. Owusu: assigned to Patient_Echo
Database Updated: New record added for Patient_Echo.
SUCCESS: Dr. Owusu has finished their case and is now available.

--- Simulation Cycle 4 ---

========================================
!!! EMERGENCY ALERT DETECTED !!!
========================================
Time:     2026-03-10 14:58:11
Patient:  Patient_Foxtrot
Severity: Critical


CoordinatorAgent analyzing emergency and coordinating with doctors...
  - Asking Dr. Mensah...
    * Dr. Mensah is willing to accept the case.
  - Asking Dr. Owusu...
    * Dr. Owusu is willing to accept the case.
  - Asking Dr. Asante...
    X Dr. Asante rejected the case (busy/unavailable).
Dr. >> Dr. Mensah has been ASSIGNED to Patient_Foxtrot (Critical). Workload: 1
Notification sent to Dr. Mensah: assigned to Patient_Foxtrot
Database Updated: New record added for Patient_Foxtrot.
SUCCESS: Dr. Mensah has finished their case and is now available.

--- Simulation Cycle 5 ---

========================================
!!! EMERGENCY ALERT DETECTED !!!
========================================
Time:     2026-03-10 14:58:13
Patient:  Patient_Delta
Severity: Medium


CoordinatorAgent analyzing emergency and coordinating with doctors...
  - Asking Dr. Mensah...
    * Dr. Mensah is willing to accept the case.
  - Asking Dr. Owusu...
    X Dr. Owusu rejected the case (busy/unavailable).
  - Asking Dr. Asante...
    * Dr. Asante is willing to accept the case.
Dr. >> Dr. Asante has been ASSIGNED to Patient_Delta (Medium). Workload: 1
Notification sent to Dr. Asante: assigned to Patient_Delta
Database Updated: New record added for Patient_Delta.

==================================================
*** HOSPITAL EMERGENCY RESPONSE FINAL REPORT ***
==================================================

Case #1
  Patient:        Patient_Charlie
  Severity:       Low
  Detected At:    2026-03-10 14:58:05
  Assigned To:    None (Escalated)
  Action Time:    N/A
  Status:         Escalated

Case #2
  Patient:        Patient_Echo
  Severity:       High
  Detected At:    2026-03-10 14:58:07
  Assigned To:    None (Escalated)
  Action Time:    N/A
  Status:         Escalated

Case #3
  Patient:        Patient_Echo
  Severity:       Critical
  Detected At:    2026-03-10 14:58:09
  Assigned To:    Dr. Owusu
  Action Time:    2026-03-10 14:58:10
  Status:         Assigned

Case #4
  Patient:        Patient_Foxtrot
  Severity:       Critical
  Detected At:    2026-03-10 14:58:11
  Assigned To:    Dr. Mensah
  Action Time:    2026-03-10 14:58:12
  Status:         Assigned

Case #5
  Patient:        Patient_Delta
  Severity:       Medium
  Detected At:    2026-03-10 14:58:13
  Assigned To:    Dr. Asante
  Action Time:    2026-03-10 14:58:14
  Status:         Assigned
==================================================

Simulation Complete.
